// Jest Snapshot v1, https://goo.gl/fbAQLP

exports[`QuestionArtist is rendered correctly 1`] = `
<section
  className="game__screen"
>
  <h2
    className="game__title"
  >
    Кто исполняет эту песню?
  </h2>
  <div
    className="game__track"
  >
    <div
      className="track"
    />
  </div>
  <form
    className="game__artist"
  >
    <div
      className="artist"
    >
      <input
        className="artist__input visually-hidden"
        id="answer0"
        name="answer0"
        onChange={[Function]}
        type="radio"
        value="John Snow"
      />
      <label
        className="artist__name"
        htmlFor="answer0"
      >
        <img
          alt="John Snow"
          className="artist__picture"
          src="https://api.adorable.io/avatars/128/0"
        />
        John Snow
      </label>
    </div>
    <div
      className="artist"
    >
      <input
        className="artist__input visually-hidden"
        id="answer1"
        name="answer1"
        onChange={[Function]}
        type="radio"
        value="Jack Daniels"
      />
      <label
        className="artist__name"
        htmlFor="answer1"
      >
        <img
          alt="Jack Daniels"
          className="artist__picture"
          src="https://api.adorable.io/avatars/128/1"
        />
        Jack Daniels
      </label>
    </div>
    <div
      className="artist"
    >
      <input
        className="artist__input visually-hidden"
        id="answer2"
        name="answer2"
        onChange={[Function]}
        type="radio"
        value="Jim Beam"
      />
      <label
        className="artist__name"
        htmlFor="answer2"
      >
        <img
          alt="Jim Beam"
          className="artist__picture"
          src="https://api.adorable.io/avatars/128/2"
        />
        Jim Beam
      </label>
    </div>
  </form>
</section>
`;
